#-----------------------------------------------------------
# Vivado v2023.1 (64-bit)
# SW Build 3865809 on Sun May  7 15:04:56 MDT 2023
# IP Build 3864474 on Sun May  7 20:36:21 MDT 2023
# SharedData Build 3865790 on Sun May 07 13:33:03 MDT 2023
# Start of session at: Mon Aug 28 19:32:21 2023
# Process ID: 3013
# Current directory: /home/rzinkstok/development/agc_clock/agc_clock.runs/zynq_ps_processing_system7_0_0_synth_1
# Command line: vivado -log zynq_ps_processing_system7_0_0.vds -product Vivado -mode batch -messageDb vivado.pb -notrace -source zynq_ps_processing_system7_0_0.tcl
# Log file: /home/rzinkstok/development/agc_clock/agc_clock.runs/zynq_ps_processing_system7_0_0_synth_1/zynq_ps_processing_system7_0_0.vds
# Journal file: /home/rzinkstok/development/agc_clock/agc_clock.runs/zynq_ps_processing_system7_0_0_synth_1/vivado.jou
# Running On: claudio, OS: Linux, CPU Frequency: 4303.314 MHz, CPU Physical cores: 8, Host memory: 16526 MB
#-----------------------------------------------------------
source zynq_ps_processing_system7_0_0.tcl -notrace
